<?xml version="1.0" encoding="UTF-8"?>
<TestRun id="6d41eee1-3733-442c-b46d-9ca8c9300969" name="Tusia@TUNIA 2013-04-27 21:26:50" runUser="Tunia\Tusia" xmlns="http://microsoft.com/schemas/VisualStudio/TeamTest/2010">
  <TestSettings name="Local" id="73543c8f-e1ba-4016-a1b2-c5482740e447">
    <Description>These are default test settings for a local test run.</Description>
    <Deployment runDeploymentRoot="Tusia_TUNIA 2013-04-27 21_26_50">
      <DeploymentItem filename="VendingMachine\StockDatabase.xml" />
      <DeploymentItem filename="VendingMachine\CoinDatabase.xml" />
      <DeploymentItem filename="C:\Users\Tusia\Documents\GitHub\robust\VendingMachine\VendingMachine.Tests\MolesAssemblies\VendingMachine.Moles.dll" />
      <DeploymentItem filename="C:\Users\Tusia\Documents\GitHub\robust\VendingMachine\VendingMachine\bin\Debug\VendingMachine.exe" />
    </Deployment>
    <Execution>
      <TestTypeSpecific>
        <UnitTestRunConfig testTypeId="13cdc9d9-ddb5-4fa4-a97d-d965ccfc6d4b">
          <AssemblyResolution>
            <TestDirectory useLoadContext="true" />
          </AssemblyResolution>
        </UnitTestRunConfig>
        <WebTestRunConfiguration testTypeId="4e7599fa-5ecb-43e9-a887-cd63cf72d207">
          <Browser name="Internet Explorer 7.0">
            <Headers>
              <Header name="User-Agent" value="Mozilla/4.0 (compatible; MSIE 7.0; Windows NT 5.1)" />
              <Header name="Accept" value="*/*" />
              <Header name="Accept-Language" value="{{$IEAcceptLanguage}}" />
              <Header name="Accept-Encoding" value="GZIP" />
            </Headers>
          </Browser>
        </WebTestRunConfiguration>
      </TestTypeSpecific>
      <AgentRule name="LocalMachineDefaultRole">
        <DataCollectors>
          <DataCollector uri="datacollector://microsoft/CodeCoverage/1.0" assemblyQualifiedName="Microsoft.VisualStudio.TestTools.CodeCoverage.CoveragePlugIn, Microsoft.VisualStudio.QualityTools.Plugins.CodeCoverage, Version=10.0.0.0, Culture=neutral, PublicKeyToken=b03f5f7f11d50a3a" friendlyName="Code Coverage">
            <Configuration>
              <CodeCoverage xmlns="">
                <Regular>
                  <CodeCoverageItem binaryFile="C:\Users\Tusia\Documents\GitHub\robust\VendingMachine\VendingMachine\bin\Debug\VendingMachine.exe" pdbFile="C:\Users\Tusia\Documents\GitHub\robust\VendingMachine\VendingMachine\bin\Debug\VendingMachine.instr.pdb" instrumentInPlace="true" />
                </Regular>
              </CodeCoverage>
            </Configuration>
          </DataCollector>
        </DataCollectors>
      </AgentRule>
    </Execution>
  </TestSettings>
  <Times creation="2013-04-27T21:26:50.1071591+02:00" queuing="2013-04-27T21:27:03.9159489+02:00" start="2013-04-27T21:27:04.8920047+02:00" finish="2013-04-27T21:27:19.4748388+02:00" />
  <ResultSummary outcome="Completed">
    <Counters total="45" executed="45" passed="45" error="0" failed="0" timeout="0" aborted="0" inconclusive="0" passedButRunAborted="0" notRunnable="0" notExecuted="0" disconnected="0" warning="0" completed="0" inProgress="0" pending="0" />
    <ResultFiles>
      <ResultFile path="TUNIA\data.coverage" />
    </ResultFiles>
  </ResultSummary>
  <TestDefinitions>
    <UnitTest name="AddCoin761" storage="c:\users\tusia\documents\github\robust\vendingmachine\vendingmachine.tests\bin\debug\vendingmachine.tests.dll" id="947c0953-7c1e-02b4-1011-fdb51c529281">
      <Execution id="abb3f944-2865-4806-aed9-84a690e6ba80" />
      <TestMethod codeBase="C:/Users/Tusia/Documents/GitHub/robust/VendingMachine/VendingMachine.Tests/bin/Debug/VendingMachine.Tests.DLL" adapterTypeName="Microsoft.VisualStudio.TestTools.TestTypes.Unit.UnitTestAdapter, Microsoft.VisualStudio.QualityTools.Tips.UnitTest.Adapter, Version=10.0.0.0, Culture=neutral, PublicKeyToken=b03f5f7f11d50a3a" className="VendingMachine.Stock.CoinManagerTest, VendingMachine.Tests, Version=0.0.0.0, Culture=neutral, PublicKeyToken=null" name="AddCoin761" />
    </UnitTest>
    <UnitTest name="CheckChangeNotEnoughMoney" storage="c:\users\tusia\documents\github\robust\vendingmachine\vendingmachine.tests\bin\debug\vendingmachine.tests.dll" id="a068d388-d049-dbf1-7f43-3b8ae6b9a8ec">
      <Execution id="3723c04a-76a1-491a-969c-7ee16a3efb09" />
      <TestMethod codeBase="C:/Users/Tusia/Documents/GitHub/robust/VendingMachine/VendingMachine.Tests/bin/Debug/VendingMachine.Tests.DLL" adapterTypeName="Microsoft.VisualStudio.TestTools.TestTypes.Unit.UnitTestAdapter, Microsoft.VisualStudio.QualityTools.Tips.UnitTest.Adapter, Version=10.0.0.0, Culture=neutral, PublicKeyToken=b03f5f7f11d50a3a" className="VendingMachine.Stock.CoinManagerTest, VendingMachine.Tests, Version=0.0.0.0, Culture=neutral, PublicKeyToken=null" name="CheckChangeNotEnoughMoney" />
    </UnitTest>
    <UnitTest name="AddProductIncorrectAmountParameter" storage="c:\users\tusia\documents\github\robust\vendingmachine\vendingmachine.tests\bin\debug\vendingmachine.tests.dll" id="c2dd427d-8b83-9eff-6966-88846ec7045e">
      <Execution id="3829b6de-7ed7-4106-8f75-0e494480c1d9" />
      <TestMethod codeBase="C:/Users/Tusia/Documents/GitHub/robust/VendingMachine/VendingMachine.Tests/bin/Debug/VendingMachine.Tests.DLL" adapterTypeName="Microsoft.VisualStudio.TestTools.TestTypes.Unit.UnitTestAdapter, Microsoft.VisualStudio.QualityTools.Tips.UnitTest.Adapter, Version=10.0.0.0, Culture=neutral, PublicKeyToken=b03f5f7f11d50a3a" className="VendingMachine.Stock.StockManagerTest, VendingMachine.Tests, Version=0.0.0.0, Culture=neutral, PublicKeyToken=null" name="AddProductIncorrectAmountParameter" />
    </UnitTest>
    <UnitTest name="ToValue832" storage="c:\users\tusia\documents\github\robust\vendingmachine\vendingmachine.tests\bin\debug\vendingmachine.tests.dll" id="29afddcd-a882-5ec0-ef27-736173ee2cfa">
      <Execution id="ba64c392-e912-48a9-a520-11f2b5e5605b" />
      <TestMethod codeBase="C:/Users/Tusia/Documents/GitHub/robust/VendingMachine/VendingMachine.Tests/bin/Debug/VendingMachine.Tests.DLL" adapterTypeName="Microsoft.VisualStudio.TestTools.TestTypes.Unit.UnitTestAdapter, Microsoft.VisualStudio.QualityTools.Tips.UnitTest.Adapter, Version=10.0.0.0, Culture=neutral, PublicKeyToken=b03f5f7f11d50a3a" className="VendingMachine.Data.CoinExtensionsTest, VendingMachine.Tests, Version=0.0.0.0, Culture=neutral, PublicKeyToken=null" name="ToValue832" />
    </UnitTest>
    <UnitTest name="AddCoinThrowsContractException830" storage="c:\users\tusia\documents\github\robust\vendingmachine\vendingmachine.tests\bin\debug\vendingmachine.tests.dll" id="891b0eca-5777-6ba9-9abe-919f58267acc">
      <Execution id="48146930-0cf4-4e80-9a1b-843e73a9bf79" />
      <TestMethod codeBase="C:/Users/Tusia/Documents/GitHub/robust/VendingMachine/VendingMachine.Tests/bin/Debug/VendingMachine.Tests.DLL" adapterTypeName="Microsoft.VisualStudio.TestTools.TestTypes.Unit.UnitTestAdapter, Microsoft.VisualStudio.QualityTools.Tips.UnitTest.Adapter, Version=10.0.0.0, Culture=neutral, PublicKeyToken=b03f5f7f11d50a3a" className="VendingMachine.Stock.CoinManagerTest, VendingMachine.Tests, Version=0.0.0.0, Culture=neutral, PublicKeyToken=null" name="AddCoinThrowsContractException830" />
    </UnitTest>
    <UnitTest name="AddProductMaxValInt" storage="c:\users\tusia\documents\github\robust\vendingmachine\vendingmachine.tests\bin\debug\vendingmachine.tests.dll" id="c540c7fb-80f6-a9fb-9669-a5eb747d8496">
      <Execution id="97ae5199-0908-4581-a510-7f265a368218" />
      <TestMethod codeBase="C:/Users/Tusia/Documents/GitHub/robust/VendingMachine/VendingMachine.Tests/bin/Debug/VendingMachine.Tests.DLL" adapterTypeName="Microsoft.VisualStudio.TestTools.TestTypes.Unit.UnitTestAdapter, Microsoft.VisualStudio.QualityTools.Tips.UnitTest.Adapter, Version=10.0.0.0, Culture=neutral, PublicKeyToken=b03f5f7f11d50a3a" className="VendingMachine.Stock.StockManagerTest, VendingMachine.Tests, Version=0.0.0.0, Culture=neutral, PublicKeyToken=null" name="AddProductMaxValInt" />
    </UnitTest>
    <UnitTest name="GetChangeCaseNull" storage="c:\users\tusia\documents\github\robust\vendingmachine\vendingmachine.tests\bin\debug\vendingmachine.tests.dll" id="8700dc92-37b9-97d8-2d04-3577c03a9f57">
      <Execution id="6c6e7975-7bab-43c7-80ae-38dcb3fd5f7a" />
      <TestMethod codeBase="C:/Users/Tusia/Documents/GitHub/robust/VendingMachine/VendingMachine.Tests/bin/Debug/VendingMachine.Tests.DLL" adapterTypeName="Microsoft.VisualStudio.TestTools.TestTypes.Unit.UnitTestAdapter, Microsoft.VisualStudio.QualityTools.Tips.UnitTest.Adapter, Version=10.0.0.0, Culture=neutral, PublicKeyToken=b03f5f7f11d50a3a" className="VendingMachine.Stock.CoinManagerTest, VendingMachine.Tests, Version=0.0.0.0, Culture=neutral, PublicKeyToken=null" name="GetChangeCaseNull" />
    </UnitTest>
    <UnitTest name="CheckChangeNotEnoughSmallCoins" storage="c:\users\tusia\documents\github\robust\vendingmachine\vendingmachine.tests\bin\debug\vendingmachine.tests.dll" id="6d3e4499-9d6f-49ac-6aef-7b79018d1aa8">
      <Execution id="b2053178-8875-4392-964e-e204ab481197" />
      <TestMethod codeBase="C:/Users/Tusia/Documents/GitHub/robust/VendingMachine/VendingMachine.Tests/bin/Debug/VendingMachine.Tests.DLL" adapterTypeName="Microsoft.VisualStudio.TestTools.TestTypes.Unit.UnitTestAdapter, Microsoft.VisualStudio.QualityTools.Tips.UnitTest.Adapter, Version=10.0.0.0, Culture=neutral, PublicKeyToken=b03f5f7f11d50a3a" className="VendingMachine.Stock.CoinManagerTest, VendingMachine.Tests, Version=0.0.0.0, Culture=neutral, PublicKeyToken=null" name="CheckChangeNotEnoughSmallCoins" />
    </UnitTest>
    <UnitTest name="ToValue347" storage="c:\users\tusia\documents\github\robust\vendingmachine\vendingmachine.tests\bin\debug\vendingmachine.tests.dll" id="fd0594a0-e09f-0a9f-2b91-7b43f72abdef">
      <Execution id="c1084d69-4dee-44cd-8984-060ffbccb601" />
      <TestMethod codeBase="C:/Users/Tusia/Documents/GitHub/robust/VendingMachine/VendingMachine.Tests/bin/Debug/VendingMachine.Tests.DLL" adapterTypeName="Microsoft.VisualStudio.TestTools.TestTypes.Unit.UnitTestAdapter, Microsoft.VisualStudio.QualityTools.Tips.UnitTest.Adapter, Version=10.0.0.0, Culture=neutral, PublicKeyToken=b03f5f7f11d50a3a" className="VendingMachine.Data.CoinExtensionsTest, VendingMachine.Tests, Version=0.0.0.0, Culture=neutral, PublicKeyToken=null" name="ToValue347" />
    </UnitTest>
    <UnitTest name="EjectCoinNotEnoughCoins" storage="c:\users\tusia\documents\github\robust\vendingmachine\vendingmachine.tests\bin\debug\vendingmachine.tests.dll" id="d5a36cc4-16a7-0c24-c41b-6d6de69a256e">
      <Execution id="9101715e-6001-45a3-ba1c-02428e3e2a33" />
      <TestMethod codeBase="C:/Users/Tusia/Documents/GitHub/robust/VendingMachine/VendingMachine.Tests/bin/Debug/VendingMachine.Tests.DLL" adapterTypeName="Microsoft.VisualStudio.TestTools.TestTypes.Unit.UnitTestAdapter, Microsoft.VisualStudio.QualityTools.Tips.UnitTest.Adapter, Version=10.0.0.0, Culture=neutral, PublicKeyToken=b03f5f7f11d50a3a" className="VendingMachine.Stock.CoinManagerTest, VendingMachine.Tests, Version=0.0.0.0, Culture=neutral, PublicKeyToken=null" name="EjectCoinNotEnoughCoins" />
    </UnitTest>
    <UnitTest name="EjectProductCorrect" storage="c:\users\tusia\documents\github\robust\vendingmachine\vendingmachine.tests\bin\debug\vendingmachine.tests.dll" id="73925bbb-520a-3aa9-ed9d-8599d91c85f9">
      <Execution id="ffc496fe-d555-41cb-8994-39e90c2eeed2" />
      <TestMethod codeBase="C:/Users/Tusia/Documents/GitHub/robust/VendingMachine/VendingMachine.Tests/bin/Debug/VendingMachine.Tests.DLL" adapterTypeName="Microsoft.VisualStudio.TestTools.TestTypes.Unit.UnitTestAdapter, Microsoft.VisualStudio.QualityTools.Tips.UnitTest.Adapter, Version=10.0.0.0, Culture=neutral, PublicKeyToken=b03f5f7f11d50a3a" className="VendingMachine.Stock.StockManagerTest, VendingMachine.Tests, Version=0.0.0.0, Culture=neutral, PublicKeyToken=null" name="EjectProductCorrect" />
    </UnitTest>
    <UnitTest name="GetPriceNonExistent" storage="c:\users\tusia\documents\github\robust\vendingmachine\vendingmachine.tests\bin\debug\vendingmachine.tests.dll" id="697a0b7c-f7ca-86cc-a067-f6248fcfcbdb">
      <Execution id="1debce38-a5ac-4f46-8b99-2b178d615a1c" />
      <TestMethod codeBase="C:/Users/Tusia/Documents/GitHub/robust/VendingMachine/VendingMachine.Tests/bin/Debug/VendingMachine.Tests.DLL" adapterTypeName="Microsoft.VisualStudio.TestTools.TestTypes.Unit.UnitTestAdapter, Microsoft.VisualStudio.QualityTools.Tips.UnitTest.Adapter, Version=10.0.0.0, Culture=neutral, PublicKeyToken=b03f5f7f11d50a3a" className="VendingMachine.Stock.StockManagerTest, VendingMachine.Tests, Version=0.0.0.0, Culture=neutral, PublicKeyToken=null" name="GetPriceNonExistent" />
    </UnitTest>
    <UnitTest name="EjectCoinThrowsContractException868" storage="c:\users\tusia\documents\github\robust\vendingmachine\vendingmachine.tests\bin\debug\vendingmachine.tests.dll" id="9f90a1ba-c149-0d89-6a79-5d82a4b7d1e9">
      <Execution id="6fe8f4e4-34c6-454d-8c28-1d03e117681d" />
      <TestMethod codeBase="C:/Users/Tusia/Documents/GitHub/robust/VendingMachine/VendingMachine.Tests/bin/Debug/VendingMachine.Tests.DLL" adapterTypeName="Microsoft.VisualStudio.TestTools.TestTypes.Unit.UnitTestAdapter, Microsoft.VisualStudio.QualityTools.Tips.UnitTest.Adapter, Version=10.0.0.0, Culture=neutral, PublicKeyToken=b03f5f7f11d50a3a" className="VendingMachine.Stock.CoinManagerTest, VendingMachine.Tests, Version=0.0.0.0, Culture=neutral, PublicKeyToken=null" name="EjectCoinThrowsContractException868" />
    </UnitTest>
    <UnitTest name="ToValue1" storage="c:\users\tusia\documents\github\robust\vendingmachine\vendingmachine.tests\bin\debug\vendingmachine.tests.dll" id="8dfb708c-bcdc-5477-ef07-b275041ca24b">
      <Execution id="0d3921b0-6a6f-403c-85d8-93e659ba35d0" />
      <TestMethod codeBase="C:/Users/Tusia/Documents/GitHub/robust/VendingMachine/VendingMachine.Tests/bin/Debug/VendingMachine.Tests.DLL" adapterTypeName="Microsoft.VisualStudio.TestTools.TestTypes.Unit.UnitTestAdapter, Microsoft.VisualStudio.QualityTools.Tips.UnitTest.Adapter, Version=10.0.0.0, Culture=neutral, PublicKeyToken=b03f5f7f11d50a3a" className="VendingMachine.Data.CoinExtensionsTest, VendingMachine.Tests, Version=0.0.0.0, Culture=neutral, PublicKeyToken=null" name="ToValue1" />
    </UnitTest>
    <UnitTest name="CheckChangeExactAmountOfMoney" storage="c:\users\tusia\documents\github\robust\vendingmachine\vendingmachine.tests\bin\debug\vendingmachine.tests.dll" id="0c8fb27b-46a7-3502-f11f-b98500b102d8">
      <Execution id="c0c318ac-a531-4ff9-9262-17319d397c8c" />
      <TestMethod codeBase="C:/Users/Tusia/Documents/GitHub/robust/VendingMachine/VendingMachine.Tests/bin/Debug/VendingMachine.Tests.DLL" adapterTypeName="Microsoft.VisualStudio.TestTools.TestTypes.Unit.UnitTestAdapter, Microsoft.VisualStudio.QualityTools.Tips.UnitTest.Adapter, Version=10.0.0.0, Culture=neutral, PublicKeyToken=b03f5f7f11d50a3a" className="VendingMachine.Stock.CoinManagerTest, VendingMachine.Tests, Version=0.0.0.0, Culture=neutral, PublicKeyToken=null" name="CheckChangeExactAmountOfMoney" />
    </UnitTest>
    <UnitTest name="EjectProductProductNull" storage="c:\users\tusia\documents\github\robust\vendingmachine\vendingmachine.tests\bin\debug\vendingmachine.tests.dll" id="a8685c0d-e3b8-2586-3273-61896b9b5626">
      <Execution id="38b413ee-4e4f-4813-b2bb-2181fa77a35d" />
      <TestMethod codeBase="C:/Users/Tusia/Documents/GitHub/robust/VendingMachine/VendingMachine.Tests/bin/Debug/VendingMachine.Tests.DLL" adapterTypeName="Microsoft.VisualStudio.TestTools.TestTypes.Unit.UnitTestAdapter, Microsoft.VisualStudio.QualityTools.Tips.UnitTest.Adapter, Version=10.0.0.0, Culture=neutral, PublicKeyToken=b03f5f7f11d50a3a" className="VendingMachine.Stock.StockManagerTest, VendingMachine.Tests, Version=0.0.0.0, Culture=neutral, PublicKeyToken=null" name="EjectProductProductNull" />
    </UnitTest>
    <UnitTest name="ToValueThrowsContractException646" storage="c:\users\tusia\documents\github\robust\vendingmachine\vendingmachine.tests\bin\debug\vendingmachine.tests.dll" id="55d8445b-1833-2470-93d4-70d9e8c158e2">
      <Execution id="c748b372-5fbb-4988-8b7e-3d8d189265a1" />
      <TestMethod codeBase="C:/Users/Tusia/Documents/GitHub/robust/VendingMachine/VendingMachine.Tests/bin/Debug/VendingMachine.Tests.DLL" adapterTypeName="Microsoft.VisualStudio.TestTools.TestTypes.Unit.UnitTestAdapter, Microsoft.VisualStudio.QualityTools.Tips.UnitTest.Adapter, Version=10.0.0.0, Culture=neutral, PublicKeyToken=b03f5f7f11d50a3a" className="VendingMachine.Data.CoinExtensionsTest, VendingMachine.Tests, Version=0.0.0.0, Culture=neutral, PublicKeyToken=null" name="ToValueThrowsContractException646" />
    </UnitTest>
    <UnitTest name="EjectProductListNull" storage="c:\users\tusia\documents\github\robust\vendingmachine\vendingmachine.tests\bin\debug\vendingmachine.tests.dll" id="c8755a3b-6464-3764-89c0-be1abe154137">
      <Execution id="81b952bd-c48e-43b9-8bc3-2a16b9f6c6ce" />
      <TestMethod codeBase="C:/Users/Tusia/Documents/GitHub/robust/VendingMachine/VendingMachine.Tests/bin/Debug/VendingMachine.Tests.DLL" adapterTypeName="Microsoft.VisualStudio.TestTools.TestTypes.Unit.UnitTestAdapter, Microsoft.VisualStudio.QualityTools.Tips.UnitTest.Adapter, Version=10.0.0.0, Culture=neutral, PublicKeyToken=b03f5f7f11d50a3a" className="VendingMachine.Stock.StockManagerTest, VendingMachine.Tests, Version=0.0.0.0, Culture=neutral, PublicKeyToken=null" name="EjectProductListNull" />
    </UnitTest>
    <UnitTest name="GetChangeNotEnoughSmallCoins" storage="c:\users\tusia\documents\github\robust\vendingmachine\vendingmachine.tests\bin\debug\vendingmachine.tests.dll" id="9ce0e3ea-570b-54f6-4480-66ae16f40c23">
      <Execution id="89012ba3-1187-4993-94cf-7820a95661ab" />
      <TestMethod codeBase="C:/Users/Tusia/Documents/GitHub/robust/VendingMachine/VendingMachine.Tests/bin/Debug/VendingMachine.Tests.DLL" adapterTypeName="Microsoft.VisualStudio.TestTools.TestTypes.Unit.UnitTestAdapter, Microsoft.VisualStudio.QualityTools.Tips.UnitTest.Adapter, Version=10.0.0.0, Culture=neutral, PublicKeyToken=b03f5f7f11d50a3a" className="VendingMachine.Stock.CoinManagerTest, VendingMachine.Tests, Version=0.0.0.0, Culture=neutral, PublicKeyToken=null" name="GetChangeNotEnoughSmallCoins" />
    </UnitTest>
    <UnitTest name="AddProductNonExististantProduct" storage="c:\users\tusia\documents\github\robust\vendingmachine\vendingmachine.tests\bin\debug\vendingmachine.tests.dll" id="76c71063-edc7-4420-4a6d-cd188aff0645">
      <Execution id="abcea2c3-52c0-4b47-bbfd-8dfcfe9caa94" />
      <TestMethod codeBase="C:/Users/Tusia/Documents/GitHub/robust/VendingMachine/VendingMachine.Tests/bin/Debug/VendingMachine.Tests.DLL" adapterTypeName="Microsoft.VisualStudio.TestTools.TestTypes.Unit.UnitTestAdapter, Microsoft.VisualStudio.QualityTools.Tips.UnitTest.Adapter, Version=10.0.0.0, Culture=neutral, PublicKeyToken=b03f5f7f11d50a3a" className="VendingMachine.Stock.StockManagerTest, VendingMachine.Tests, Version=0.0.0.0, Culture=neutral, PublicKeyToken=null" name="AddProductNonExististantProduct" />
    </UnitTest>
    <UnitTest name="CheckChange0Inserted" storage="c:\users\tusia\documents\github\robust\vendingmachine\vendingmachine.tests\bin\debug\vendingmachine.tests.dll" id="5265aad5-dd33-667e-7260-26ac5508221a">
      <Execution id="bcb6ecac-a383-47eb-a459-139062d92481" />
      <TestMethod codeBase="C:/Users/Tusia/Documents/GitHub/robust/VendingMachine/VendingMachine.Tests/bin/Debug/VendingMachine.Tests.DLL" adapterTypeName="Microsoft.VisualStudio.TestTools.TestTypes.Unit.UnitTestAdapter, Microsoft.VisualStudio.QualityTools.Tips.UnitTest.Adapter, Version=10.0.0.0, Culture=neutral, PublicKeyToken=b03f5f7f11d50a3a" className="VendingMachine.Stock.CoinManagerTest, VendingMachine.Tests, Version=0.0.0.0, Culture=neutral, PublicKeyToken=null" name="CheckChange0Inserted" />
    </UnitTest>
    <UnitTest name="GetChangeNoChange" storage="c:\users\tusia\documents\github\robust\vendingmachine\vendingmachine.tests\bin\debug\vendingmachine.tests.dll" id="24f0352f-d792-ba2d-85c4-0ecb496e8074">
      <Execution id="0eba116c-f648-4e82-98c1-4a85f7cd7aa7" />
      <TestMethod codeBase="C:/Users/Tusia/Documents/GitHub/robust/VendingMachine/VendingMachine.Tests/bin/Debug/VendingMachine.Tests.DLL" adapterTypeName="Microsoft.VisualStudio.TestTools.TestTypes.Unit.UnitTestAdapter, Microsoft.VisualStudio.QualityTools.Tips.UnitTest.Adapter, Version=10.0.0.0, Culture=neutral, PublicKeyToken=b03f5f7f11d50a3a" className="VendingMachine.Stock.CoinManagerTest, VendingMachine.Tests, Version=0.0.0.0, Culture=neutral, PublicKeyToken=null" name="GetChangeNoChange" />
    </UnitTest>
    <UnitTest name="testCorrect" storage="c:\users\tusia\documents\github\robust\vendingmachine\vendingmachine.tests\bin\debug\vendingmachine.tests.dll" id="3859be62-25c7-5a45-6ac8-ee63c848be1b">
      <Execution id="e4c41286-addd-49f0-9b12-8f9635cccaa9" />
      <TestMethod codeBase="C:/Users/Tusia/Documents/GitHub/robust/VendingMachine/VendingMachine.Tests/bin/Debug/VendingMachine.Tests.DLL" adapterTypeName="Microsoft.VisualStudio.TestTools.TestTypes.Unit.UnitTestAdapter, Microsoft.VisualStudio.QualityTools.Tips.UnitTest.Adapter, Version=10.0.0.0, Culture=neutral, PublicKeyToken=b03f5f7f11d50a3a" className="VendingMachine.Machine.VendMachineTest, VendingMachine.Tests, Version=0.0.0.0, Culture=neutral, PublicKeyToken=null" name="testCorrect" />
    </UnitTest>
    <UnitTest name="AddProductDifferentPrice" storage="c:\users\tusia\documents\github\robust\vendingmachine\vendingmachine.tests\bin\debug\vendingmachine.tests.dll" id="ccfb871b-c825-c6e7-eb79-8e1bd0877aee">
      <Execution id="c9fcf69e-dbbe-426b-8a2a-0b29818d91b5" />
      <TestMethod codeBase="C:/Users/Tusia/Documents/GitHub/robust/VendingMachine/VendingMachine.Tests/bin/Debug/VendingMachine.Tests.DLL" adapterTypeName="Microsoft.VisualStudio.TestTools.TestTypes.Unit.UnitTestAdapter, Microsoft.VisualStudio.QualityTools.Tips.UnitTest.Adapter, Version=10.0.0.0, Culture=neutral, PublicKeyToken=b03f5f7f11d50a3a" className="VendingMachine.Stock.StockManagerTest, VendingMachine.Tests, Version=0.0.0.0, Culture=neutral, PublicKeyToken=null" name="AddProductDifferentPrice" />
    </UnitTest>
    <UnitTest name="EjectCoinCaseNotEmpty" storage="c:\users\tusia\documents\github\robust\vendingmachine\vendingmachine.tests\bin\debug\vendingmachine.tests.dll" id="ace49edf-99b2-109f-ac51-dfcee8b9cd8c">
      <Execution id="9faaea94-41ab-4e60-9db9-cffa40fb191d" />
      <TestMethod codeBase="C:/Users/Tusia/Documents/GitHub/robust/VendingMachine/VendingMachine.Tests/bin/Debug/VendingMachine.Tests.DLL" adapterTypeName="Microsoft.VisualStudio.TestTools.TestTypes.Unit.UnitTestAdapter, Microsoft.VisualStudio.QualityTools.Tips.UnitTest.Adapter, Version=10.0.0.0, Culture=neutral, PublicKeyToken=b03f5f7f11d50a3a" className="VendingMachine.Stock.CoinManagerTest, VendingMachine.Tests, Version=0.0.0.0, Culture=neutral, PublicKeyToken=null" name="EjectCoinCaseNotEmpty" />
    </UnitTest>
    <UnitTest name="GetChangeNotEnoughMoney" storage="c:\users\tusia\documents\github\robust\vendingmachine\vendingmachine.tests\bin\debug\vendingmachine.tests.dll" id="404dc43c-589e-c0d4-e4fb-83e23d94a714">
      <Execution id="da700bd2-1ee6-4fdc-963f-acf1bf648ffa" />
      <TestMethod codeBase="C:/Users/Tusia/Documents/GitHub/robust/VendingMachine/VendingMachine.Tests/bin/Debug/VendingMachine.Tests.DLL" adapterTypeName="Microsoft.VisualStudio.TestTools.TestTypes.Unit.UnitTestAdapter, Microsoft.VisualStudio.QualityTools.Tips.UnitTest.Adapter, Version=10.0.0.0, Culture=neutral, PublicKeyToken=b03f5f7f11d50a3a" className="VendingMachine.Stock.CoinManagerTest, VendingMachine.Tests, Version=0.0.0.0, Culture=neutral, PublicKeyToken=null" name="GetChangeNotEnoughMoney" />
    </UnitTest>
    <UnitTest name="EjectCoin502" storage="c:\users\tusia\documents\github\robust\vendingmachine\vendingmachine.tests\bin\debug\vendingmachine.tests.dll" id="30c9cfb6-1e60-9299-1d60-73ed769d9f7a">
      <Execution id="5b0e7c44-c00c-4d7b-a41b-20482cdf220e" />
      <TestMethod codeBase="C:/Users/Tusia/Documents/GitHub/robust/VendingMachine/VendingMachine.Tests/bin/Debug/VendingMachine.Tests.DLL" adapterTypeName="Microsoft.VisualStudio.TestTools.TestTypes.Unit.UnitTestAdapter, Microsoft.VisualStudio.QualityTools.Tips.UnitTest.Adapter, Version=10.0.0.0, Culture=neutral, PublicKeyToken=b03f5f7f11d50a3a" className="VendingMachine.Stock.CoinManagerTest, VendingMachine.Tests, Version=0.0.0.0, Culture=neutral, PublicKeyToken=null" name="EjectCoin502" />
    </UnitTest>
    <UnitTest name="AddCoin494" storage="c:\users\tusia\documents\github\robust\vendingmachine\vendingmachine.tests\bin\debug\vendingmachine.tests.dll" id="da51f33f-ea83-f502-ff09-5a7441acce99">
      <Execution id="3783f7d0-953f-4139-9897-1658efccbbb7" />
      <TestMethod codeBase="C:/Users/Tusia/Documents/GitHub/robust/VendingMachine/VendingMachine.Tests/bin/Debug/VendingMachine.Tests.DLL" adapterTypeName="Microsoft.VisualStudio.TestTools.TestTypes.Unit.UnitTestAdapter, Microsoft.VisualStudio.QualityTools.Tips.UnitTest.Adapter, Version=10.0.0.0, Culture=neutral, PublicKeyToken=b03f5f7f11d50a3a" className="VendingMachine.Stock.CoinManagerTest, VendingMachine.Tests, Version=0.0.0.0, Culture=neutral, PublicKeyToken=null" name="AddCoin494" />
    </UnitTest>
    <UnitTest name="CheckChangeIncorrectInserted" storage="c:\users\tusia\documents\github\robust\vendingmachine\vendingmachine.tests\bin\debug\vendingmachine.tests.dll" id="2d4bfb69-fdb8-a0aa-73d2-e65fc112358b">
      <Execution id="de7fc1f2-e1c7-4b38-be58-eb2115962224" />
      <TestMethod codeBase="C:/Users/Tusia/Documents/GitHub/robust/VendingMachine/VendingMachine.Tests/bin/Debug/VendingMachine.Tests.DLL" adapterTypeName="Microsoft.VisualStudio.TestTools.TestTypes.Unit.UnitTestAdapter, Microsoft.VisualStudio.QualityTools.Tips.UnitTest.Adapter, Version=10.0.0.0, Culture=neutral, PublicKeyToken=b03f5f7f11d50a3a" className="VendingMachine.Stock.CoinManagerTest, VendingMachine.Tests, Version=0.0.0.0, Culture=neutral, PublicKeyToken=null" name="CheckChangeIncorrectInserted" />
    </UnitTest>
    <UnitTest name="EjectCoin257" storage="c:\users\tusia\documents\github\robust\vendingmachine\vendingmachine.tests\bin\debug\vendingmachine.tests.dll" id="4e37d7d6-cf35-f992-0c05-6c0385638b93">
      <Execution id="effe4d61-9c15-4328-8428-918c91177930" />
      <TestMethod codeBase="C:/Users/Tusia/Documents/GitHub/robust/VendingMachine/VendingMachine.Tests/bin/Debug/VendingMachine.Tests.DLL" adapterTypeName="Microsoft.VisualStudio.TestTools.TestTypes.Unit.UnitTestAdapter, Microsoft.VisualStudio.QualityTools.Tips.UnitTest.Adapter, Version=10.0.0.0, Culture=neutral, PublicKeyToken=b03f5f7f11d50a3a" className="VendingMachine.Stock.CoinManagerTest, VendingMachine.Tests, Version=0.0.0.0, Culture=neutral, PublicKeyToken=null" name="EjectCoin257" />
    </UnitTest>
    <UnitTest name="ToValue513" storage="c:\users\tusia\documents\github\robust\vendingmachine\vendingmachine.tests\bin\debug\vendingmachine.tests.dll" id="cb63e72a-b73d-fd8f-0241-2a5abe4c325b">
      <Execution id="d8a56115-d881-456d-86d3-f8a2d62c69cc" />
      <TestMethod codeBase="C:/Users/Tusia/Documents/GitHub/robust/VendingMachine/VendingMachine.Tests/bin/Debug/VendingMachine.Tests.DLL" adapterTypeName="Microsoft.VisualStudio.TestTools.TestTypes.Unit.UnitTestAdapter, Microsoft.VisualStudio.QualityTools.Tips.UnitTest.Adapter, Version=10.0.0.0, Culture=neutral, PublicKeyToken=b03f5f7f11d50a3a" className="VendingMachine.Data.CoinExtensionsTest, VendingMachine.Tests, Version=0.0.0.0, Culture=neutral, PublicKeyToken=null" name="ToValue513" />
    </UnitTest>
    <UnitTest name="ConstructorTest" storage="c:\users\tusia\documents\github\robust\vendingmachine\vendingmachine.tests\bin\debug\vendingmachine.tests.dll" id="53f981c6-9727-3108-39ac-83eedd228892">
      <Execution id="7e111684-ddae-4bd2-b922-062bccc4c572" />
      <TestMethod codeBase="C:/Users/Tusia/Documents/GitHub/robust/VendingMachine/VendingMachine.Tests/bin/Debug/VendingMachine.Tests.DLL" adapterTypeName="Microsoft.VisualStudio.TestTools.TestTypes.Unit.UnitTestAdapter, Microsoft.VisualStudio.QualityTools.Tips.UnitTest.Adapter, Version=10.0.0.0, Culture=neutral, PublicKeyToken=b03f5f7f11d50a3a" className="VendingMachine.Stock.CoinManagerTest, VendingMachine.Tests, Version=0.0.0.0, Culture=neutral, PublicKeyToken=null" name="ConstructorTest" />
    </UnitTest>
    <UnitTest name="GetChangeInvalidPrice" storage="c:\users\tusia\documents\github\robust\vendingmachine\vendingmachine.tests\bin\debug\vendingmachine.tests.dll" id="7f88cb8b-eee6-0363-ed47-2970a645d244">
      <Execution id="984b76f6-58b2-4486-9d39-f0a1d2610993" />
      <TestMethod codeBase="C:/Users/Tusia/Documents/GitHub/robust/VendingMachine/VendingMachine.Tests/bin/Debug/VendingMachine.Tests.DLL" adapterTypeName="Microsoft.VisualStudio.TestTools.TestTypes.Unit.UnitTestAdapter, Microsoft.VisualStudio.QualityTools.Tips.UnitTest.Adapter, Version=10.0.0.0, Culture=neutral, PublicKeyToken=b03f5f7f11d50a3a" className="VendingMachine.Stock.CoinManagerTest, VendingMachine.Tests, Version=0.0.0.0, Culture=neutral, PublicKeyToken=null" name="GetChangeInvalidPrice" />
    </UnitTest>
    <UnitTest name="GetPriceCorrect" storage="c:\users\tusia\documents\github\robust\vendingmachine\vendingmachine.tests\bin\debug\vendingmachine.tests.dll" id="d95c76e1-5855-18a6-9135-f54794e7d799">
      <Execution id="90c7747f-72dc-4775-b8e0-c6d13d4aa0b4" />
      <TestMethod codeBase="C:/Users/Tusia/Documents/GitHub/robust/VendingMachine/VendingMachine.Tests/bin/Debug/VendingMachine.Tests.DLL" adapterTypeName="Microsoft.VisualStudio.TestTools.TestTypes.Unit.UnitTestAdapter, Microsoft.VisualStudio.QualityTools.Tips.UnitTest.Adapter, Version=10.0.0.0, Culture=neutral, PublicKeyToken=b03f5f7f11d50a3a" className="VendingMachine.Stock.StockManagerTest, VendingMachine.Tests, Version=0.0.0.0, Culture=neutral, PublicKeyToken=null" name="GetPriceCorrect" />
    </UnitTest>
    <UnitTest name="CheckChangeCorrect" storage="c:\users\tusia\documents\github\robust\vendingmachine\vendingmachine.tests\bin\debug\vendingmachine.tests.dll" id="4d0ca4a4-c15d-2656-877e-5942f7f24fd2">
      <Execution id="118c3ae8-1da3-4309-bfe8-9a5ff2278ad7" />
      <TestMethod codeBase="C:/Users/Tusia/Documents/GitHub/robust/VendingMachine/VendingMachine.Tests/bin/Debug/VendingMachine.Tests.DLL" adapterTypeName="Microsoft.VisualStudio.TestTools.TestTypes.Unit.UnitTestAdapter, Microsoft.VisualStudio.QualityTools.Tips.UnitTest.Adapter, Version=10.0.0.0, Culture=neutral, PublicKeyToken=b03f5f7f11d50a3a" className="VendingMachine.Stock.CoinManagerTest, VendingMachine.Tests, Version=0.0.0.0, Culture=neutral, PublicKeyToken=null" name="CheckChangeCorrect" />
    </UnitTest>
    <UnitTest name="AddProductPriceWrongParam" storage="c:\users\tusia\documents\github\robust\vendingmachine\vendingmachine.tests\bin\debug\vendingmachine.tests.dll" id="6d1921e2-18fe-e780-08a0-ccc369b92565">
      <Execution id="9d0d9a38-847d-4d16-b714-fc84770f9ef1" />
      <TestMethod codeBase="C:/Users/Tusia/Documents/GitHub/robust/VendingMachine/VendingMachine.Tests/bin/Debug/VendingMachine.Tests.DLL" adapterTypeName="Microsoft.VisualStudio.TestTools.TestTypes.Unit.UnitTestAdapter, Microsoft.VisualStudio.QualityTools.Tips.UnitTest.Adapter, Version=10.0.0.0, Culture=neutral, PublicKeyToken=b03f5f7f11d50a3a" className="VendingMachine.Stock.StockManagerTest, VendingMachine.Tests, Version=0.0.0.0, Culture=neutral, PublicKeyToken=null" name="AddProductPriceWrongParam" />
    </UnitTest>
    <UnitTest name="EjectProductNonExistent" storage="c:\users\tusia\documents\github\robust\vendingmachine\vendingmachine.tests\bin\debug\vendingmachine.tests.dll" id="fe82b597-1f89-4ab5-98bc-fd6f5f6215a6">
      <Execution id="97067654-df0f-4243-8f01-8200dca85b55" />
      <TestMethod codeBase="C:/Users/Tusia/Documents/GitHub/robust/VendingMachine/VendingMachine.Tests/bin/Debug/VendingMachine.Tests.DLL" adapterTypeName="Microsoft.VisualStudio.TestTools.TestTypes.Unit.UnitTestAdapter, Microsoft.VisualStudio.QualityTools.Tips.UnitTest.Adapter, Version=10.0.0.0, Culture=neutral, PublicKeyToken=b03f5f7f11d50a3a" className="VendingMachine.Stock.StockManagerTest, VendingMachine.Tests, Version=0.0.0.0, Culture=neutral, PublicKeyToken=null" name="EjectProductNonExistent" />
    </UnitTest>
    <UnitTest name="GetChangeCorrect" storage="c:\users\tusia\documents\github\robust\vendingmachine\vendingmachine.tests\bin\debug\vendingmachine.tests.dll" id="935fa1c0-4d7c-f2ee-6900-320ebb1d7581">
      <Execution id="2c75d6e8-9eb4-45b2-817e-fc789f83fc20" />
      <TestMethod codeBase="C:/Users/Tusia/Documents/GitHub/robust/VendingMachine/VendingMachine.Tests/bin/Debug/VendingMachine.Tests.DLL" adapterTypeName="Microsoft.VisualStudio.TestTools.TestTypes.Unit.UnitTestAdapter, Microsoft.VisualStudio.QualityTools.Tips.UnitTest.Adapter, Version=10.0.0.0, Culture=neutral, PublicKeyToken=b03f5f7f11d50a3a" className="VendingMachine.Stock.CoinManagerTest, VendingMachine.Tests, Version=0.0.0.0, Culture=neutral, PublicKeyToken=null" name="GetChangeCorrect" />
    </UnitTest>
    <UnitTest name="CheckChangeIncorrectPrice" storage="c:\users\tusia\documents\github\robust\vendingmachine\vendingmachine.tests\bin\debug\vendingmachine.tests.dll" id="b6da7ee9-bda4-31b6-292c-a6a8b4bfa96f">
      <Execution id="694e7a71-c92c-45c2-9314-9eeedc8a059c" />
      <TestMethod codeBase="C:/Users/Tusia/Documents/GitHub/robust/VendingMachine/VendingMachine.Tests/bin/Debug/VendingMachine.Tests.DLL" adapterTypeName="Microsoft.VisualStudio.TestTools.TestTypes.Unit.UnitTestAdapter, Microsoft.VisualStudio.QualityTools.Tips.UnitTest.Adapter, Version=10.0.0.0, Culture=neutral, PublicKeyToken=b03f5f7f11d50a3a" className="VendingMachine.Stock.CoinManagerTest, VendingMachine.Tests, Version=0.0.0.0, Culture=neutral, PublicKeyToken=null" name="CheckChangeIncorrectPrice" />
    </UnitTest>
    <UnitTest name="ToValue66" storage="c:\users\tusia\documents\github\robust\vendingmachine\vendingmachine.tests\bin\debug\vendingmachine.tests.dll" id="088c6cd8-f53a-f171-2e65-b7eb597ed333">
      <Execution id="c4da1efd-cdab-4c02-a67a-862249c95254" />
      <TestMethod codeBase="C:/Users/Tusia/Documents/GitHub/robust/VendingMachine/VendingMachine.Tests/bin/Debug/VendingMachine.Tests.DLL" adapterTypeName="Microsoft.VisualStudio.TestTools.TestTypes.Unit.UnitTestAdapter, Microsoft.VisualStudio.QualityTools.Tips.UnitTest.Adapter, Version=10.0.0.0, Culture=neutral, PublicKeyToken=b03f5f7f11d50a3a" className="VendingMachine.Data.CoinExtensionsTest, VendingMachine.Tests, Version=0.0.0.0, Culture=neutral, PublicKeyToken=null" name="ToValue66" />
    </UnitTest>
    <UnitTest name="GetChangeInvalidInserted" storage="c:\users\tusia\documents\github\robust\vendingmachine\vendingmachine.tests\bin\debug\vendingmachine.tests.dll" id="6fc79fb8-a117-a0de-f31b-da70692e090f">
      <Execution id="52e99ffc-2ca5-4361-9da2-5b9b8b56b7f5" />
      <TestMethod codeBase="C:/Users/Tusia/Documents/GitHub/robust/VendingMachine/VendingMachine.Tests/bin/Debug/VendingMachine.Tests.DLL" adapterTypeName="Microsoft.VisualStudio.TestTools.TestTypes.Unit.UnitTestAdapter, Microsoft.VisualStudio.QualityTools.Tips.UnitTest.Adapter, Version=10.0.0.0, Culture=neutral, PublicKeyToken=b03f5f7f11d50a3a" className="VendingMachine.Stock.CoinManagerTest, VendingMachine.Tests, Version=0.0.0.0, Culture=neutral, PublicKeyToken=null" name="GetChangeInvalidInserted" />
    </UnitTest>
    <UnitTest name="AddProductNull" storage="c:\users\tusia\documents\github\robust\vendingmachine\vendingmachine.tests\bin\debug\vendingmachine.tests.dll" id="fe867f9e-7155-1777-4f47-3cc8893537ad">
      <Execution id="db924f29-4ed2-448c-aa60-571710779881" />
      <TestMethod codeBase="C:/Users/Tusia/Documents/GitHub/robust/VendingMachine/VendingMachine.Tests/bin/Debug/VendingMachine.Tests.DLL" adapterTypeName="Microsoft.VisualStudio.TestTools.TestTypes.Unit.UnitTestAdapter, Microsoft.VisualStudio.QualityTools.Tips.UnitTest.Adapter, Version=10.0.0.0, Culture=neutral, PublicKeyToken=b03f5f7f11d50a3a" className="VendingMachine.Stock.StockManagerTest, VendingMachine.Tests, Version=0.0.0.0, Culture=neutral, PublicKeyToken=null" name="AddProductNull" />
    </UnitTest>
    <UnitTest name="AddCoin911" storage="c:\users\tusia\documents\github\robust\vendingmachine\vendingmachine.tests\bin\debug\vendingmachine.tests.dll" id="3d99bcbb-cb4c-3ab5-6940-bd878958e058">
      <Execution id="9b07b095-351e-4144-af5b-d878d9290d14" />
      <TestMethod codeBase="C:/Users/Tusia/Documents/GitHub/robust/VendingMachine/VendingMachine.Tests/bin/Debug/VendingMachine.Tests.DLL" adapterTypeName="Microsoft.VisualStudio.TestTools.TestTypes.Unit.UnitTestAdapter, Microsoft.VisualStudio.QualityTools.Tips.UnitTest.Adapter, Version=10.0.0.0, Culture=neutral, PublicKeyToken=b03f5f7f11d50a3a" className="VendingMachine.Stock.CoinManagerTest, VendingMachine.Tests, Version=0.0.0.0, Culture=neutral, PublicKeyToken=null" name="AddCoin911" />
    </UnitTest>
    <UnitTest name="AddProductCorrect" storage="c:\users\tusia\documents\github\robust\vendingmachine\vendingmachine.tests\bin\debug\vendingmachine.tests.dll" id="f663eada-a79a-9208-22e2-a903b532a881">
      <Execution id="ca12a4de-06d4-4dbd-ab11-62e2e7528685" />
      <TestMethod codeBase="C:/Users/Tusia/Documents/GitHub/robust/VendingMachine/VendingMachine.Tests/bin/Debug/VendingMachine.Tests.DLL" adapterTypeName="Microsoft.VisualStudio.TestTools.TestTypes.Unit.UnitTestAdapter, Microsoft.VisualStudio.QualityTools.Tips.UnitTest.Adapter, Version=10.0.0.0, Culture=neutral, PublicKeyToken=b03f5f7f11d50a3a" className="VendingMachine.Stock.StockManagerTest, VendingMachine.Tests, Version=0.0.0.0, Culture=neutral, PublicKeyToken=null" name="AddProductCorrect" />
    </UnitTest>
    <UnitTest name="ToValue932" storage="c:\users\tusia\documents\github\robust\vendingmachine\vendingmachine.tests\bin\debug\vendingmachine.tests.dll" id="54049617-1cc9-58d2-6255-301b7d1b471e">
      <Execution id="ce94b010-252a-4791-b313-eb0a4418a4c1" />
      <TestMethod codeBase="C:/Users/Tusia/Documents/GitHub/robust/VendingMachine/VendingMachine.Tests/bin/Debug/VendingMachine.Tests.DLL" adapterTypeName="Microsoft.VisualStudio.TestTools.TestTypes.Unit.UnitTestAdapter, Microsoft.VisualStudio.QualityTools.Tips.UnitTest.Adapter, Version=10.0.0.0, Culture=neutral, PublicKeyToken=b03f5f7f11d50a3a" className="VendingMachine.Data.CoinExtensionsTest, VendingMachine.Tests, Version=0.0.0.0, Culture=neutral, PublicKeyToken=null" name="ToValue932" />
    </UnitTest>
  </TestDefinitions>
  <TestLists>
    <TestList name="Results Not in a List" id="8c84fa94-04c1-424b-9868-57a2d4851a1d" />
    <TestList name="All Loaded Results" id="19431567-8539-422a-85d7-44ee4e166bda" />
  </TestLists>
  <TestEntries>
    <TestEntry testId="935fa1c0-4d7c-f2ee-6900-320ebb1d7581" executionId="2c75d6e8-9eb4-45b2-817e-fc789f83fc20" testListId="8c84fa94-04c1-424b-9868-57a2d4851a1d" />
    <TestEntry testId="24f0352f-d792-ba2d-85c4-0ecb496e8074" executionId="0eba116c-f648-4e82-98c1-4a85f7cd7aa7" testListId="8c84fa94-04c1-424b-9868-57a2d4851a1d" />
    <TestEntry testId="9ce0e3ea-570b-54f6-4480-66ae16f40c23" executionId="89012ba3-1187-4993-94cf-7820a95661ab" testListId="8c84fa94-04c1-424b-9868-57a2d4851a1d" />
    <TestEntry testId="404dc43c-589e-c0d4-e4fb-83e23d94a714" executionId="da700bd2-1ee6-4fdc-963f-acf1bf648ffa" testListId="8c84fa94-04c1-424b-9868-57a2d4851a1d" />
    <TestEntry testId="8700dc92-37b9-97d8-2d04-3577c03a9f57" executionId="6c6e7975-7bab-43c7-80ae-38dcb3fd5f7a" testListId="8c84fa94-04c1-424b-9868-57a2d4851a1d" />
    <TestEntry testId="7f88cb8b-eee6-0363-ed47-2970a645d244" executionId="984b76f6-58b2-4486-9d39-f0a1d2610993" testListId="8c84fa94-04c1-424b-9868-57a2d4851a1d" />
    <TestEntry testId="6fc79fb8-a117-a0de-f31b-da70692e090f" executionId="52e99ffc-2ca5-4361-9da2-5b9b8b56b7f5" testListId="8c84fa94-04c1-424b-9868-57a2d4851a1d" />
    <TestEntry testId="53f981c6-9727-3108-39ac-83eedd228892" executionId="7e111684-ddae-4bd2-b922-062bccc4c572" testListId="8c84fa94-04c1-424b-9868-57a2d4851a1d" />
    <TestEntry testId="0c8fb27b-46a7-3502-f11f-b98500b102d8" executionId="c0c318ac-a531-4ff9-9262-17319d397c8c" testListId="8c84fa94-04c1-424b-9868-57a2d4851a1d" />
    <TestEntry testId="4d0ca4a4-c15d-2656-877e-5942f7f24fd2" executionId="118c3ae8-1da3-4309-bfe8-9a5ff2278ad7" testListId="8c84fa94-04c1-424b-9868-57a2d4851a1d" />
    <TestEntry testId="6d3e4499-9d6f-49ac-6aef-7b79018d1aa8" executionId="b2053178-8875-4392-964e-e204ab481197" testListId="8c84fa94-04c1-424b-9868-57a2d4851a1d" />
    <TestEntry testId="a068d388-d049-dbf1-7f43-3b8ae6b9a8ec" executionId="3723c04a-76a1-491a-969c-7ee16a3efb09" testListId="8c84fa94-04c1-424b-9868-57a2d4851a1d" />
    <TestEntry testId="2d4bfb69-fdb8-a0aa-73d2-e65fc112358b" executionId="de7fc1f2-e1c7-4b38-be58-eb2115962224" testListId="8c84fa94-04c1-424b-9868-57a2d4851a1d" />
    <TestEntry testId="b6da7ee9-bda4-31b6-292c-a6a8b4bfa96f" executionId="694e7a71-c92c-45c2-9314-9eeedc8a059c" testListId="8c84fa94-04c1-424b-9868-57a2d4851a1d" />
    <TestEntry testId="5265aad5-dd33-667e-7260-26ac5508221a" executionId="bcb6ecac-a383-47eb-a459-139062d92481" testListId="8c84fa94-04c1-424b-9868-57a2d4851a1d" />
    <TestEntry testId="891b0eca-5777-6ba9-9abe-919f58267acc" executionId="48146930-0cf4-4e80-9a1b-843e73a9bf79" testListId="8c84fa94-04c1-424b-9868-57a2d4851a1d" />
    <TestEntry testId="3d99bcbb-cb4c-3ab5-6940-bd878958e058" executionId="9b07b095-351e-4144-af5b-d878d9290d14" testListId="8c84fa94-04c1-424b-9868-57a2d4851a1d" />
    <TestEntry testId="947c0953-7c1e-02b4-1011-fdb51c529281" executionId="abb3f944-2865-4806-aed9-84a690e6ba80" testListId="8c84fa94-04c1-424b-9868-57a2d4851a1d" />
    <TestEntry testId="da51f33f-ea83-f502-ff09-5a7441acce99" executionId="3783f7d0-953f-4139-9897-1658efccbbb7" testListId="8c84fa94-04c1-424b-9868-57a2d4851a1d" />
    <TestEntry testId="9f90a1ba-c149-0d89-6a79-5d82a4b7d1e9" executionId="6fe8f4e4-34c6-454d-8c28-1d03e117681d" testListId="8c84fa94-04c1-424b-9868-57a2d4851a1d" />
    <TestEntry testId="30c9cfb6-1e60-9299-1d60-73ed769d9f7a" executionId="5b0e7c44-c00c-4d7b-a41b-20482cdf220e" testListId="8c84fa94-04c1-424b-9868-57a2d4851a1d" />
    <TestEntry testId="4e37d7d6-cf35-f992-0c05-6c0385638b93" executionId="effe4d61-9c15-4328-8428-918c91177930" testListId="8c84fa94-04c1-424b-9868-57a2d4851a1d" />
    <TestEntry testId="d5a36cc4-16a7-0c24-c41b-6d6de69a256e" executionId="9101715e-6001-45a3-ba1c-02428e3e2a33" testListId="8c84fa94-04c1-424b-9868-57a2d4851a1d" />
    <TestEntry testId="ace49edf-99b2-109f-ac51-dfcee8b9cd8c" executionId="9faaea94-41ab-4e60-9db9-cffa40fb191d" testListId="8c84fa94-04c1-424b-9868-57a2d4851a1d" />
    <TestEntry testId="29afddcd-a882-5ec0-ef27-736173ee2cfa" executionId="ba64c392-e912-48a9-a520-11f2b5e5605b" testListId="8c84fa94-04c1-424b-9868-57a2d4851a1d" />
    <TestEntry testId="cb63e72a-b73d-fd8f-0241-2a5abe4c325b" executionId="d8a56115-d881-456d-86d3-f8a2d62c69cc" testListId="8c84fa94-04c1-424b-9868-57a2d4851a1d" />
    <TestEntry testId="55d8445b-1833-2470-93d4-70d9e8c158e2" executionId="c748b372-5fbb-4988-8b7e-3d8d189265a1" testListId="8c84fa94-04c1-424b-9868-57a2d4851a1d" />
    <TestEntry testId="8dfb708c-bcdc-5477-ef07-b275041ca24b" executionId="0d3921b0-6a6f-403c-85d8-93e659ba35d0" testListId="8c84fa94-04c1-424b-9868-57a2d4851a1d" />
    <TestEntry testId="54049617-1cc9-58d2-6255-301b7d1b471e" executionId="ce94b010-252a-4791-b313-eb0a4418a4c1" testListId="8c84fa94-04c1-424b-9868-57a2d4851a1d" />
    <TestEntry testId="fd0594a0-e09f-0a9f-2b91-7b43f72abdef" executionId="c1084d69-4dee-44cd-8984-060ffbccb601" testListId="8c84fa94-04c1-424b-9868-57a2d4851a1d" />
    <TestEntry testId="088c6cd8-f53a-f171-2e65-b7eb597ed333" executionId="c4da1efd-cdab-4c02-a67a-862249c95254" testListId="8c84fa94-04c1-424b-9868-57a2d4851a1d" />
    <TestEntry testId="f663eada-a79a-9208-22e2-a903b532a881" executionId="ca12a4de-06d4-4dbd-ab11-62e2e7528685" testListId="8c84fa94-04c1-424b-9868-57a2d4851a1d" />
    <TestEntry testId="c2dd427d-8b83-9eff-6966-88846ec7045e" executionId="3829b6de-7ed7-4106-8f75-0e494480c1d9" testListId="8c84fa94-04c1-424b-9868-57a2d4851a1d" />
    <TestEntry testId="76c71063-edc7-4420-4a6d-cd188aff0645" executionId="abcea2c3-52c0-4b47-bbfd-8dfcfe9caa94" testListId="8c84fa94-04c1-424b-9868-57a2d4851a1d" />
    <TestEntry testId="fe867f9e-7155-1777-4f47-3cc8893537ad" executionId="db924f29-4ed2-448c-aa60-571710779881" testListId="8c84fa94-04c1-424b-9868-57a2d4851a1d" />
    <TestEntry testId="ccfb871b-c825-c6e7-eb79-8e1bd0877aee" executionId="c9fcf69e-dbbe-426b-8a2a-0b29818d91b5" testListId="8c84fa94-04c1-424b-9868-57a2d4851a1d" />
    <TestEntry testId="6d1921e2-18fe-e780-08a0-ccc369b92565" executionId="9d0d9a38-847d-4d16-b714-fc84770f9ef1" testListId="8c84fa94-04c1-424b-9868-57a2d4851a1d" />
    <TestEntry testId="c540c7fb-80f6-a9fb-9669-a5eb747d8496" executionId="97ae5199-0908-4581-a510-7f265a368218" testListId="8c84fa94-04c1-424b-9868-57a2d4851a1d" />
    <TestEntry testId="73925bbb-520a-3aa9-ed9d-8599d91c85f9" executionId="ffc496fe-d555-41cb-8994-39e90c2eeed2" testListId="8c84fa94-04c1-424b-9868-57a2d4851a1d" />
    <TestEntry testId="fe82b597-1f89-4ab5-98bc-fd6f5f6215a6" executionId="97067654-df0f-4243-8f01-8200dca85b55" testListId="8c84fa94-04c1-424b-9868-57a2d4851a1d" />
    <TestEntry testId="c8755a3b-6464-3764-89c0-be1abe154137" executionId="81b952bd-c48e-43b9-8bc3-2a16b9f6c6ce" testListId="8c84fa94-04c1-424b-9868-57a2d4851a1d" />
    <TestEntry testId="a8685c0d-e3b8-2586-3273-61896b9b5626" executionId="38b413ee-4e4f-4813-b2bb-2181fa77a35d" testListId="8c84fa94-04c1-424b-9868-57a2d4851a1d" />
    <TestEntry testId="d95c76e1-5855-18a6-9135-f54794e7d799" executionId="90c7747f-72dc-4775-b8e0-c6d13d4aa0b4" testListId="8c84fa94-04c1-424b-9868-57a2d4851a1d" />
    <TestEntry testId="697a0b7c-f7ca-86cc-a067-f6248fcfcbdb" executionId="1debce38-a5ac-4f46-8b99-2b178d615a1c" testListId="8c84fa94-04c1-424b-9868-57a2d4851a1d" />
    <TestEntry testId="3859be62-25c7-5a45-6ac8-ee63c848be1b" executionId="e4c41286-addd-49f0-9b12-8f9635cccaa9" testListId="8c84fa94-04c1-424b-9868-57a2d4851a1d" />
  </TestEntries>
  <Results>
    <UnitTestResult executionId="2c75d6e8-9eb4-45b2-817e-fc789f83fc20" testId="935fa1c0-4d7c-f2ee-6900-320ebb1d7581" testName="GetChangeCorrect" computerName="TUNIA" duration="00:00:00.5350419" startTime="2013-04-27T21:27:13.5084976+02:00" endTime="2013-04-27T21:27:16.5756730+02:00" testType="13cdc9d9-ddb5-4fa4-a97d-d965ccfc6d4b" outcome="Passed" testListId="8c84fa94-04c1-424b-9868-57a2d4851a1d" relativeResultsDirectory="2c75d6e8-9eb4-45b2-817e-fc789f83fc20">
    </UnitTestResult>
    <UnitTestResult executionId="0eba116c-f648-4e82-98c1-4a85f7cd7aa7" testId="24f0352f-d792-ba2d-85c4-0ecb496e8074" testName="GetChangeNoChange" computerName="TUNIA" duration="00:00:00.0083458" startTime="2013-04-27T21:27:16.5856736+02:00" endTime="2013-04-27T21:27:16.6056747+02:00" testType="13cdc9d9-ddb5-4fa4-a97d-d965ccfc6d4b" outcome="Passed" testListId="8c84fa94-04c1-424b-9868-57a2d4851a1d" relativeResultsDirectory="0eba116c-f648-4e82-98c1-4a85f7cd7aa7">
    </UnitTestResult>
    <UnitTestResult executionId="89012ba3-1187-4993-94cf-7820a95661ab" testId="9ce0e3ea-570b-54f6-4480-66ae16f40c23" testName="GetChangeNotEnoughSmallCoins" computerName="TUNIA" duration="00:00:00.0098108" startTime="2013-04-27T21:27:16.6166753+02:00" endTime="2013-04-27T21:27:16.6336763+02:00" testType="13cdc9d9-ddb5-4fa4-a97d-d965ccfc6d4b" outcome="Passed" testListId="8c84fa94-04c1-424b-9868-57a2d4851a1d" relativeResultsDirectory="89012ba3-1187-4993-94cf-7820a95661ab">
    </UnitTestResult>
    <UnitTestResult executionId="da700bd2-1ee6-4fdc-963f-acf1bf648ffa" testId="404dc43c-589e-c0d4-e4fb-83e23d94a714" testName="GetChangeNotEnoughMoney" computerName="TUNIA" duration="00:00:00.0013995" startTime="2013-04-27T21:27:16.6376765+02:00" endTime="2013-04-27T21:27:16.6506773+02:00" testType="13cdc9d9-ddb5-4fa4-a97d-d965ccfc6d4b" outcome="Passed" testListId="8c84fa94-04c1-424b-9868-57a2d4851a1d" relativeResultsDirectory="da700bd2-1ee6-4fdc-963f-acf1bf648ffa">
    </UnitTestResult>
    <UnitTestResult executionId="6c6e7975-7bab-43c7-80ae-38dcb3fd5f7a" testId="8700dc92-37b9-97d8-2d04-3577c03a9f57" testName="GetChangeCaseNull" computerName="TUNIA" duration="00:00:00.0004709" startTime="2013-04-27T21:27:16.6576777+02:00" endTime="2013-04-27T21:27:16.6646781+02:00" testType="13cdc9d9-ddb5-4fa4-a97d-d965ccfc6d4b" outcome="Passed" testListId="8c84fa94-04c1-424b-9868-57a2d4851a1d" relativeResultsDirectory="6c6e7975-7bab-43c7-80ae-38dcb3fd5f7a">
    </UnitTestResult>
    <UnitTestResult executionId="984b76f6-58b2-4486-9d39-f0a1d2610993" testId="7f88cb8b-eee6-0363-ed47-2970a645d244" testName="GetChangeInvalidPrice" computerName="TUNIA" duration="00:00:00.0005000" startTime="2013-04-27T21:27:16.6696784+02:00" endTime="2013-04-27T21:27:16.6846792+02:00" testType="13cdc9d9-ddb5-4fa4-a97d-d965ccfc6d4b" outcome="Passed" testListId="8c84fa94-04c1-424b-9868-57a2d4851a1d" relativeResultsDirectory="984b76f6-58b2-4486-9d39-f0a1d2610993">
    </UnitTestResult>
    <UnitTestResult executionId="52e99ffc-2ca5-4361-9da2-5b9b8b56b7f5" testId="6fc79fb8-a117-a0de-f31b-da70692e090f" testName="GetChangeInvalidInserted" computerName="TUNIA" duration="00:00:00.0004983" startTime="2013-04-27T21:27:16.6946798+02:00" endTime="2013-04-27T21:27:16.7016802+02:00" testType="13cdc9d9-ddb5-4fa4-a97d-d965ccfc6d4b" outcome="Passed" testListId="8c84fa94-04c1-424b-9868-57a2d4851a1d" relativeResultsDirectory="52e99ffc-2ca5-4361-9da2-5b9b8b56b7f5">
    </UnitTestResult>
    <UnitTestResult executionId="7e111684-ddae-4bd2-b922-062bccc4c572" testId="53f981c6-9727-3108-39ac-83eedd228892" testName="ConstructorTest" computerName="TUNIA" duration="00:00:00.0003879" startTime="2013-04-27T21:27:16.7096807+02:00" endTime="2013-04-27T21:27:16.7196812+02:00" testType="13cdc9d9-ddb5-4fa4-a97d-d965ccfc6d4b" outcome="Passed" testListId="8c84fa94-04c1-424b-9868-57a2d4851a1d" relativeResultsDirectory="7e111684-ddae-4bd2-b922-062bccc4c572">
    </UnitTestResult>
    <UnitTestResult executionId="c0c318ac-a531-4ff9-9262-17319d397c8c" testId="0c8fb27b-46a7-3502-f11f-b98500b102d8" testName="CheckChangeExactAmountOfMoney" computerName="TUNIA" duration="00:00:00.0020188" startTime="2013-04-27T21:27:16.7256816+02:00" endTime="2013-04-27T21:27:16.7366822+02:00" testType="13cdc9d9-ddb5-4fa4-a97d-d965ccfc6d4b" outcome="Passed" testListId="8c84fa94-04c1-424b-9868-57a2d4851a1d" relativeResultsDirectory="c0c318ac-a531-4ff9-9262-17319d397c8c">
    </UnitTestResult>
    <UnitTestResult executionId="118c3ae8-1da3-4309-bfe8-9a5ff2278ad7" testId="4d0ca4a4-c15d-2656-877e-5942f7f24fd2" testName="CheckChangeCorrect" computerName="TUNIA" duration="00:00:00.0008524" startTime="2013-04-27T21:27:16.7416825+02:00" endTime="2013-04-27T21:27:16.7616836+02:00" testType="13cdc9d9-ddb5-4fa4-a97d-d965ccfc6d4b" outcome="Passed" testListId="8c84fa94-04c1-424b-9868-57a2d4851a1d" relativeResultsDirectory="118c3ae8-1da3-4309-bfe8-9a5ff2278ad7">
    </UnitTestResult>
    <UnitTestResult executionId="b2053178-8875-4392-964e-e204ab481197" testId="6d3e4499-9d6f-49ac-6aef-7b79018d1aa8" testName="CheckChangeNotEnoughSmallCoins" computerName="TUNIA" duration="00:00:00.0003896" startTime="2013-04-27T21:27:16.7706841+02:00" endTime="2013-04-27T21:27:16.7766845+02:00" testType="13cdc9d9-ddb5-4fa4-a97d-d965ccfc6d4b" outcome="Passed" testListId="8c84fa94-04c1-424b-9868-57a2d4851a1d" relativeResultsDirectory="b2053178-8875-4392-964e-e204ab481197">
    </UnitTestResult>
    <UnitTestResult executionId="3723c04a-76a1-491a-969c-7ee16a3efb09" testId="a068d388-d049-dbf1-7f43-3b8ae6b9a8ec" testName="CheckChangeNotEnoughMoney" computerName="TUNIA" duration="00:00:00.0003644" startTime="2013-04-27T21:27:16.7796847+02:00" endTime="2013-04-27T21:27:16.7886852+02:00" testType="13cdc9d9-ddb5-4fa4-a97d-d965ccfc6d4b" outcome="Passed" testListId="8c84fa94-04c1-424b-9868-57a2d4851a1d" relativeResultsDirectory="3723c04a-76a1-491a-969c-7ee16a3efb09">
    </UnitTestResult>
    <UnitTestResult executionId="de7fc1f2-e1c7-4b38-be58-eb2115962224" testId="2d4bfb69-fdb8-a0aa-73d2-e65fc112358b" testName="CheckChangeIncorrectInserted" computerName="TUNIA" duration="00:00:00.0004991" startTime="2013-04-27T21:27:16.7946855+02:00" endTime="2013-04-27T21:27:16.8036860+02:00" testType="13cdc9d9-ddb5-4fa4-a97d-d965ccfc6d4b" outcome="Passed" testListId="8c84fa94-04c1-424b-9868-57a2d4851a1d" relativeResultsDirectory="de7fc1f2-e1c7-4b38-be58-eb2115962224">
    </UnitTestResult>
    <UnitTestResult executionId="694e7a71-c92c-45c2-9314-9eeedc8a059c" testId="b6da7ee9-bda4-31b6-292c-a6a8b4bfa96f" testName="CheckChangeIncorrectPrice" computerName="TUNIA" duration="00:00:00.0004683" startTime="2013-04-27T21:27:16.8196870+02:00" endTime="2013-04-27T21:27:16.8336878+02:00" testType="13cdc9d9-ddb5-4fa4-a97d-d965ccfc6d4b" outcome="Passed" testListId="8c84fa94-04c1-424b-9868-57a2d4851a1d" relativeResultsDirectory="694e7a71-c92c-45c2-9314-9eeedc8a059c">
    </UnitTestResult>
    <UnitTestResult executionId="bcb6ecac-a383-47eb-a459-139062d92481" testId="5265aad5-dd33-667e-7260-26ac5508221a" testName="CheckChange0Inserted" computerName="TUNIA" duration="00:00:00.0005757" startTime="2013-04-27T21:27:16.8396881+02:00" endTime="2013-04-27T21:27:16.8596892+02:00" testType="13cdc9d9-ddb5-4fa4-a97d-d965ccfc6d4b" outcome="Passed" testListId="8c84fa94-04c1-424b-9868-57a2d4851a1d" relativeResultsDirectory="bcb6ecac-a383-47eb-a459-139062d92481">
    </UnitTestResult>
    <UnitTestResult executionId="48146930-0cf4-4e80-9a1b-843e73a9bf79" testId="891b0eca-5777-6ba9-9abe-919f58267acc" testName="AddCoinThrowsContractException830" computerName="TUNIA" duration="00:00:00.0591938" startTime="2013-04-27T21:27:16.8736900+02:00" endTime="2013-04-27T21:27:16.9446941+02:00" testType="13cdc9d9-ddb5-4fa4-a97d-d965ccfc6d4b" outcome="Passed" testListId="8c84fa94-04c1-424b-9868-57a2d4851a1d" relativeResultsDirectory="48146930-0cf4-4e80-9a1b-843e73a9bf79">
    </UnitTestResult>
    <UnitTestResult executionId="9b07b095-351e-4144-af5b-d878d9290d14" testId="3d99bcbb-cb4c-3ab5-6940-bd878958e058" testName="AddCoin911" computerName="TUNIA" duration="00:00:00.0035548" startTime="2013-04-27T21:27:16.9486943+02:00" endTime="2013-04-27T21:27:16.9686955+02:00" testType="13cdc9d9-ddb5-4fa4-a97d-d965ccfc6d4b" outcome="Passed" testListId="8c84fa94-04c1-424b-9868-57a2d4851a1d" relativeResultsDirectory="9b07b095-351e-4144-af5b-d878d9290d14">
    </UnitTestResult>
    <UnitTestResult executionId="abb3f944-2865-4806-aed9-84a690e6ba80" testId="947c0953-7c1e-02b4-1011-fdb51c529281" testName="AddCoin761" computerName="TUNIA" duration="00:00:00.0050660" startTime="2013-04-27T21:27:16.9726957+02:00" endTime="2013-04-27T21:27:16.9946970+02:00" testType="13cdc9d9-ddb5-4fa4-a97d-d965ccfc6d4b" outcome="Passed" testListId="8c84fa94-04c1-424b-9868-57a2d4851a1d" relativeResultsDirectory="abb3f944-2865-4806-aed9-84a690e6ba80">
    </UnitTestResult>
    <UnitTestResult executionId="3783f7d0-953f-4139-9897-1658efccbbb7" testId="da51f33f-ea83-f502-ff09-5a7441acce99" testName="AddCoin494" computerName="TUNIA" duration="00:00:00.0032404" startTime="2013-04-27T21:27:16.9976971+02:00" endTime="2013-04-27T21:27:17.0156982+02:00" testType="13cdc9d9-ddb5-4fa4-a97d-d965ccfc6d4b" outcome="Passed" testListId="8c84fa94-04c1-424b-9868-57a2d4851a1d" relativeResultsDirectory="3783f7d0-953f-4139-9897-1658efccbbb7">
    </UnitTestResult>
    <UnitTestResult executionId="6fe8f4e4-34c6-454d-8c28-1d03e117681d" testId="9f90a1ba-c149-0d89-6a79-5d82a4b7d1e9" testName="EjectCoinThrowsContractException868" computerName="TUNIA" duration="00:00:00.0017472" startTime="2013-04-27T21:27:17.0206984+02:00" endTime="2013-04-27T21:27:17.0306990+02:00" testType="13cdc9d9-ddb5-4fa4-a97d-d965ccfc6d4b" outcome="Passed" testListId="8c84fa94-04c1-424b-9868-57a2d4851a1d" relativeResultsDirectory="6fe8f4e4-34c6-454d-8c28-1d03e117681d">
    </UnitTestResult>
    <UnitTestResult executionId="5b0e7c44-c00c-4d7b-a41b-20482cdf220e" testId="30c9cfb6-1e60-9299-1d60-73ed769d9f7a" testName="EjectCoin502" computerName="TUNIA" duration="00:00:00.0909266" startTime="2013-04-27T21:27:17.0336992+02:00" endTime="2013-04-27T21:27:17.1367051+02:00" testType="13cdc9d9-ddb5-4fa4-a97d-d965ccfc6d4b" outcome="Passed" testListId="8c84fa94-04c1-424b-9868-57a2d4851a1d" relativeResultsDirectory="5b0e7c44-c00c-4d7b-a41b-20482cdf220e">
    </UnitTestResult>
    <UnitTestResult executionId="effe4d61-9c15-4328-8428-918c91177930" testId="4e37d7d6-cf35-f992-0c05-6c0385638b93" testName="EjectCoin257" computerName="TUNIA" duration="00:00:00.0020381" startTime="2013-04-27T21:27:17.1397053+02:00" endTime="2013-04-27T21:27:17.1487058+02:00" testType="13cdc9d9-ddb5-4fa4-a97d-d965ccfc6d4b" outcome="Passed" testListId="8c84fa94-04c1-424b-9868-57a2d4851a1d" relativeResultsDirectory="effe4d61-9c15-4328-8428-918c91177930">
    </UnitTestResult>
    <UnitTestResult executionId="9101715e-6001-45a3-ba1c-02428e3e2a33" testId="d5a36cc4-16a7-0c24-c41b-6d6de69a256e" testName="EjectCoinNotEnoughCoins" computerName="TUNIA" duration="00:00:00.0008511" startTime="2013-04-27T21:27:17.1577063+02:00" endTime="2013-04-27T21:27:17.1657067+02:00" testType="13cdc9d9-ddb5-4fa4-a97d-d965ccfc6d4b" outcome="Passed" testListId="8c84fa94-04c1-424b-9868-57a2d4851a1d" relativeResultsDirectory="9101715e-6001-45a3-ba1c-02428e3e2a33">
    </UnitTestResult>
    <UnitTestResult executionId="9faaea94-41ab-4e60-9db9-cffa40fb191d" testId="ace49edf-99b2-109f-ac51-dfcee8b9cd8c" testName="EjectCoinCaseNotEmpty" computerName="TUNIA" duration="00:00:00.0020060" startTime="2013-04-27T21:27:17.1707070+02:00" endTime="2013-04-27T21:27:17.1887081+02:00" testType="13cdc9d9-ddb5-4fa4-a97d-d965ccfc6d4b" outcome="Passed" testListId="8c84fa94-04c1-424b-9868-57a2d4851a1d" relativeResultsDirectory="9faaea94-41ab-4e60-9db9-cffa40fb191d">
    </UnitTestResult>
    <UnitTestResult executionId="ba64c392-e912-48a9-a520-11f2b5e5605b" testId="29afddcd-a882-5ec0-ef27-736173ee2cfa" testName="ToValue832" computerName="TUNIA" duration="00:00:00.0004807" startTime="2013-04-27T21:27:17.2037089+02:00" endTime="2013-04-27T21:27:17.2147095+02:00" testType="13cdc9d9-ddb5-4fa4-a97d-d965ccfc6d4b" outcome="Passed" testListId="8c84fa94-04c1-424b-9868-57a2d4851a1d" relativeResultsDirectory="ba64c392-e912-48a9-a520-11f2b5e5605b">
    </UnitTestResult>
    <UnitTestResult executionId="d8a56115-d881-456d-86d3-f8a2d62c69cc" testId="cb63e72a-b73d-fd8f-0241-2a5abe4c325b" testName="ToValue513" computerName="TUNIA" duration="00:00:00.0002805" startTime="2013-04-27T21:27:17.2247101+02:00" endTime="2013-04-27T21:27:17.2317105+02:00" testType="13cdc9d9-ddb5-4fa4-a97d-d965ccfc6d4b" outcome="Passed" testListId="8c84fa94-04c1-424b-9868-57a2d4851a1d" relativeResultsDirectory="d8a56115-d881-456d-86d3-f8a2d62c69cc">
    </UnitTestResult>
    <UnitTestResult executionId="c748b372-5fbb-4988-8b7e-3d8d189265a1" testId="55d8445b-1833-2470-93d4-70d9e8c158e2" testName="ToValueThrowsContractException646" computerName="TUNIA" duration="00:00:00.3174625" startTime="2013-04-27T21:27:17.2407110+02:00" endTime="2013-04-27T21:27:17.5687298+02:00" testType="13cdc9d9-ddb5-4fa4-a97d-d965ccfc6d4b" outcome="Passed" testListId="8c84fa94-04c1-424b-9868-57a2d4851a1d" relativeResultsDirectory="c748b372-5fbb-4988-8b7e-3d8d189265a1">
    </UnitTestResult>
    <UnitTestResult executionId="0d3921b0-6a6f-403c-85d8-93e659ba35d0" testId="8dfb708c-bcdc-5477-ef07-b275041ca24b" testName="ToValue1" computerName="TUNIA" duration="00:00:00.0002502" startTime="2013-04-27T21:27:17.5777303+02:00" endTime="2013-04-27T21:27:17.5927312+02:00" testType="13cdc9d9-ddb5-4fa4-a97d-d965ccfc6d4b" outcome="Passed" testListId="8c84fa94-04c1-424b-9868-57a2d4851a1d" relativeResultsDirectory="0d3921b0-6a6f-403c-85d8-93e659ba35d0">
    </UnitTestResult>
    <UnitTestResult executionId="ce94b010-252a-4791-b313-eb0a4418a4c1" testId="54049617-1cc9-58d2-6255-301b7d1b471e" testName="ToValue932" computerName="TUNIA" duration="00:00:00.0002301" startTime="2013-04-27T21:27:17.5957313+02:00" endTime="2013-04-27T21:27:17.6017317+02:00" testType="13cdc9d9-ddb5-4fa4-a97d-d965ccfc6d4b" outcome="Passed" testListId="8c84fa94-04c1-424b-9868-57a2d4851a1d" relativeResultsDirectory="ce94b010-252a-4791-b313-eb0a4418a4c1">
    </UnitTestResult>
    <UnitTestResult executionId="c1084d69-4dee-44cd-8984-060ffbccb601" testId="fd0594a0-e09f-0a9f-2b91-7b43f72abdef" testName="ToValue347" computerName="TUNIA" duration="00:00:00.0002480" startTime="2013-04-27T21:27:17.6077320+02:00" endTime="2013-04-27T21:27:17.6137324+02:00" testType="13cdc9d9-ddb5-4fa4-a97d-d965ccfc6d4b" outcome="Passed" testListId="8c84fa94-04c1-424b-9868-57a2d4851a1d" relativeResultsDirectory="c1084d69-4dee-44cd-8984-060ffbccb601">
    </UnitTestResult>
    <UnitTestResult executionId="c4da1efd-cdab-4c02-a67a-862249c95254" testId="088c6cd8-f53a-f171-2e65-b7eb597ed333" testName="ToValue66" computerName="TUNIA" duration="00:00:00.0002741" startTime="2013-04-27T21:27:17.6207328+02:00" endTime="2013-04-27T21:27:17.6267331+02:00" testType="13cdc9d9-ddb5-4fa4-a97d-d965ccfc6d4b" outcome="Passed" testListId="8c84fa94-04c1-424b-9868-57a2d4851a1d" relativeResultsDirectory="c4da1efd-cdab-4c02-a67a-862249c95254">
    </UnitTestResult>
    <UnitTestResult executionId="ca12a4de-06d4-4dbd-ab11-62e2e7528685" testId="f663eada-a79a-9208-22e2-a903b532a881" testName="AddProductCorrect" computerName="TUNIA" duration="00:00:00.0126569" startTime="2013-04-27T21:27:17.6297333+02:00" endTime="2013-04-27T21:27:17.6487344+02:00" testType="13cdc9d9-ddb5-4fa4-a97d-d965ccfc6d4b" outcome="Passed" testListId="8c84fa94-04c1-424b-9868-57a2d4851a1d" relativeResultsDirectory="ca12a4de-06d4-4dbd-ab11-62e2e7528685">
    </UnitTestResult>
    <UnitTestResult executionId="3829b6de-7ed7-4106-8f75-0e494480c1d9" testId="c2dd427d-8b83-9eff-6966-88846ec7045e" testName="AddProductIncorrectAmountParameter" computerName="TUNIA" duration="00:00:00.0004491" startTime="2013-04-27T21:27:17.6597350+02:00" endTime="2013-04-27T21:27:17.6697356+02:00" testType="13cdc9d9-ddb5-4fa4-a97d-d965ccfc6d4b" outcome="Passed" testListId="8c84fa94-04c1-424b-9868-57a2d4851a1d" relativeResultsDirectory="3829b6de-7ed7-4106-8f75-0e494480c1d9">
    </UnitTestResult>
    <UnitTestResult executionId="abcea2c3-52c0-4b47-bbfd-8dfcfe9caa94" testId="76c71063-edc7-4420-4a6d-cd188aff0645" testName="AddProductNonExististantProduct" computerName="TUNIA" duration="00:00:00.0383997" startTime="2013-04-27T21:27:17.6767360+02:00" endTime="2013-04-27T21:27:17.7227386+02:00" testType="13cdc9d9-ddb5-4fa4-a97d-d965ccfc6d4b" outcome="Passed" testListId="8c84fa94-04c1-424b-9868-57a2d4851a1d" relativeResultsDirectory="abcea2c3-52c0-4b47-bbfd-8dfcfe9caa94">
    </UnitTestResult>
    <UnitTestResult executionId="db924f29-4ed2-448c-aa60-571710779881" testId="fe867f9e-7155-1777-4f47-3cc8893537ad" testName="AddProductNull" computerName="TUNIA" duration="00:00:00.0004080" startTime="2013-04-27T21:27:17.7257388+02:00" endTime="2013-04-27T21:27:17.7317391+02:00" testType="13cdc9d9-ddb5-4fa4-a97d-d965ccfc6d4b" outcome="Passed" testListId="8c84fa94-04c1-424b-9868-57a2d4851a1d" relativeResultsDirectory="db924f29-4ed2-448c-aa60-571710779881">
    </UnitTestResult>
    <UnitTestResult executionId="c9fcf69e-dbbe-426b-8a2a-0b29818d91b5" testId="ccfb871b-c825-c6e7-eb79-8e1bd0877aee" testName="AddProductDifferentPrice" computerName="TUNIA" duration="00:00:00.0021933" startTime="2013-04-27T21:27:17.7507402+02:00" endTime="2013-04-27T21:27:17.7657411+02:00" testType="13cdc9d9-ddb5-4fa4-a97d-d965ccfc6d4b" outcome="Passed" testListId="8c84fa94-04c1-424b-9868-57a2d4851a1d" relativeResultsDirectory="c9fcf69e-dbbe-426b-8a2a-0b29818d91b5">
    </UnitTestResult>
    <UnitTestResult executionId="9d0d9a38-847d-4d16-b714-fc84770f9ef1" testId="6d1921e2-18fe-e780-08a0-ccc369b92565" testName="AddProductPriceWrongParam" computerName="TUNIA" duration="00:00:00.0004474" startTime="2013-04-27T21:27:17.7697413+02:00" endTime="2013-04-27T21:27:17.7767417+02:00" testType="13cdc9d9-ddb5-4fa4-a97d-d965ccfc6d4b" outcome="Passed" testListId="8c84fa94-04c1-424b-9868-57a2d4851a1d" relativeResultsDirectory="9d0d9a38-847d-4d16-b714-fc84770f9ef1">
    </UnitTestResult>
    <UnitTestResult executionId="97ae5199-0908-4581-a510-7f265a368218" testId="c540c7fb-80f6-a9fb-9669-a5eb747d8496" testName="AddProductMaxValInt" computerName="TUNIA" duration="00:00:00.0035031" startTime="2013-04-27T21:27:17.7867423+02:00" endTime="2013-04-27T21:27:17.7987430+02:00" testType="13cdc9d9-ddb5-4fa4-a97d-d965ccfc6d4b" outcome="Passed" testListId="8c84fa94-04c1-424b-9868-57a2d4851a1d" relativeResultsDirectory="97ae5199-0908-4581-a510-7f265a368218">
    </UnitTestResult>
    <UnitTestResult executionId="ffc496fe-d555-41cb-8994-39e90c2eeed2" testId="73925bbb-520a-3aa9-ed9d-8599d91c85f9" testName="EjectProductCorrect" computerName="TUNIA" duration="00:00:00.0071191" startTime="2013-04-27T21:27:17.8027432+02:00" endTime="2013-04-27T21:27:17.8217443+02:00" testType="13cdc9d9-ddb5-4fa4-a97d-d965ccfc6d4b" outcome="Passed" testListId="8c84fa94-04c1-424b-9868-57a2d4851a1d" relativeResultsDirectory="ffc496fe-d555-41cb-8994-39e90c2eeed2">
    </UnitTestResult>
    <UnitTestResult executionId="97067654-df0f-4243-8f01-8200dca85b55" testId="fe82b597-1f89-4ab5-98bc-fd6f5f6215a6" testName="EjectProductNonExistent" computerName="TUNIA" duration="00:00:00.0005214" startTime="2013-04-27T21:27:17.8347450+02:00" endTime="2013-04-27T21:27:17.8447456+02:00" testType="13cdc9d9-ddb5-4fa4-a97d-d965ccfc6d4b" outcome="Passed" testListId="8c84fa94-04c1-424b-9868-57a2d4851a1d" relativeResultsDirectory="97067654-df0f-4243-8f01-8200dca85b55">
    </UnitTestResult>
    <UnitTestResult executionId="81b952bd-c48e-43b9-8bc3-2a16b9f6c6ce" testId="c8755a3b-6464-3764-89c0-be1abe154137" testName="EjectProductListNull" computerName="TUNIA" duration="00:00:00.0004606" startTime="2013-04-27T21:27:17.8477458+02:00" endTime="2013-04-27T21:27:17.8597464+02:00" testType="13cdc9d9-ddb5-4fa4-a97d-d965ccfc6d4b" outcome="Passed" testListId="8c84fa94-04c1-424b-9868-57a2d4851a1d" relativeResultsDirectory="81b952bd-c48e-43b9-8bc3-2a16b9f6c6ce">
    </UnitTestResult>
    <UnitTestResult executionId="38b413ee-4e4f-4813-b2bb-2181fa77a35d" testId="a8685c0d-e3b8-2586-3273-61896b9b5626" testName="EjectProductProductNull" computerName="TUNIA" duration="00:00:00.0005752" startTime="2013-04-27T21:27:17.8627466+02:00" endTime="2013-04-27T21:27:17.8727472+02:00" testType="13cdc9d9-ddb5-4fa4-a97d-d965ccfc6d4b" outcome="Passed" testListId="8c84fa94-04c1-424b-9868-57a2d4851a1d" relativeResultsDirectory="38b413ee-4e4f-4813-b2bb-2181fa77a35d">
    </UnitTestResult>
    <UnitTestResult executionId="90c7747f-72dc-4775-b8e0-c6d13d4aa0b4" testId="d95c76e1-5855-18a6-9135-f54794e7d799" testName="GetPriceCorrect" computerName="TUNIA" duration="00:00:00.0022686" startTime="2013-04-27T21:27:17.8767474+02:00" endTime="2013-04-27T21:27:17.8897482+02:00" testType="13cdc9d9-ddb5-4fa4-a97d-d965ccfc6d4b" outcome="Passed" testListId="8c84fa94-04c1-424b-9868-57a2d4851a1d" relativeResultsDirectory="90c7747f-72dc-4775-b8e0-c6d13d4aa0b4">
    </UnitTestResult>
    <UnitTestResult executionId="1debce38-a5ac-4f46-8b99-2b178d615a1c" testId="697a0b7c-f7ca-86cc-a067-f6248fcfcbdb" testName="GetPriceNonExistent" computerName="TUNIA" duration="00:00:00.0004426" startTime="2013-04-27T21:27:17.8947484+02:00" endTime="2013-04-27T21:27:17.9057491+02:00" testType="13cdc9d9-ddb5-4fa4-a97d-d965ccfc6d4b" outcome="Passed" testListId="8c84fa94-04c1-424b-9868-57a2d4851a1d" relativeResultsDirectory="1debce38-a5ac-4f46-8b99-2b178d615a1c">
    </UnitTestResult>
    <UnitTestResult executionId="e4c41286-addd-49f0-9b12-8f9635cccaa9" testId="3859be62-25c7-5a45-6ac8-ee63c848be1b" testName="testCorrect" computerName="TUNIA" duration="00:00:00.0136043" startTime="2013-04-27T21:27:17.9117494+02:00" endTime="2013-04-27T21:27:17.9347507+02:00" testType="13cdc9d9-ddb5-4fa4-a97d-d965ccfc6d4b" outcome="Passed" testListId="8c84fa94-04c1-424b-9868-57a2d4851a1d" relativeResultsDirectory="e4c41286-addd-49f0-9b12-8f9635cccaa9">
    </UnitTestResult>
  </Results>
</TestRun>